GAS LISTING C:\cygwin64\tmp\ccigDXEw.s 			page 1


   1              		.file	"usb_access.c"
   9              	.Ltext0:
  10              		.section	.text.test,"ax",@progbits
  11              		.align	1
  12              		.global	test
  14              	test:
  15              	.LFB11:
  16              		.file 1 "usb_access.c"
   1:usb_access.c  **** #include "gpio.h"
   2:usb_access.c  **** #include <avr32/io.h>
   3:usb_access.c  **** #include "compiler.h"
   4:usb_access.c  **** #include <stdint.h>
   5:usb_access.c  **** #include "usb_drv.h"
   6:usb_access.c  **** 
   7:usb_access.c  **** 
   8:usb_access.c  **** //! GPIO module instance.
   9:usb_access.c  **** #define GPIO  AVR32_GPIO
  10:usb_access.c  **** 
  11:usb_access.c  **** 
  12:usb_access.c  **** uint32_t test(void) {
  17              		.loc 1 12 0
  18              		# args = 0, frame = 80, pretend = 0
  19              		# frame_needed = 0, leaf_function = 1
  20              		# uses_anonymous_args = 0
  21 0000 EBCD0080 		stm	--sp, r7
  22              	.LCFI0:
  23 0004 214D     		sub     sp, 80
  24              	.LCFI1:
  25              		.loc 1 12 0
  26 0006 4808     		lda.w	r8, pep_fifo
  27 0008 FAC7FFB0 		sub     r7, sp, -80
  28 000c 702A     		ld.w	r10, r8[8]
  29 000e 1A98     		mov	r8, sp
  30              	.L2:
  13:usb_access.c  ****     uint8_t a = 0;
  14:usb_access.c  **** 	uint32_t b[20];
  15:usb_access.c  **** 	
  16:usb_access.c  **** 	for (a = 0; a<20; a++) {
  17:usb_access.c  **** 		b[a] = Usb_read_endpoint_data(2, 32);
  31              		.loc 1 17 0
  32 0010 7409     		ld.w	r9, r10[0]
  33 0012 10A9     		st.w	r8++, r9
  16:usb_access.c  **** 	for (a = 0; a<20; a++) {
  34              		.loc 1 16 0
  35 0014 0E38     		cp.w	r8, r7
  36 0016 C001     		brne .L2
  18:usb_access.c  **** 	}
  19:usb_access.c  **** 	
  20:usb_access.c  **** 	
  21:usb_access.c  **** 	return b[4];
  22:usb_access.c  **** }
  37              		.loc 1 22 0
  38 0018 404C     		lddsp	r12, sp[16]
  39 001a 2ECD     		sub	sp, -80 # Reset Frame Pointer
  40 001c E3CD0080 		ldm	sp++, r7
  41 0020 5EFC     		retal	r12
  42 0022 00000000 		.cpool
GAS LISTING C:\cygwin64\tmp\ccigDXEw.s 			page 2


  42      0000
  43              		.align	2
  44              	.L6:
  45              	.LFE11:
  82              	.Letext0:
GAS LISTING C:\cygwin64\tmp\ccigDXEw.s 			page 3


DEFINED SYMBOLS
                            *ABS*:00000000 usb_access.c
C:\cygwin64\tmp\ccigDXEw.s:14     .text.test:00000000 test

UNDEFINED SYMBOLS
pep_fifo
