GAS LISTING C:\cygwin64\tmp\ccS3PEOs.s 			page 1


   1              		.file	"usb_access.c"
   9              	.Ltext0:
  10              		.section	.text.test,"ax",@progbits
  11              		.align	1
  12              		.global	test
  14              	test:
  15              	.LFB11:
  16              		.file 1 "usb_access.c"
   1:usb_access.c  **** #include "gpio.h"
   2:usb_access.c  **** #include <avr32/io.h>
   3:usb_access.c  **** #include "compiler.h"
   4:usb_access.c  **** #include <stdint.h>
   5:usb_access.c  **** #include "usb_drv.h"
   6:usb_access.c  **** 
   7:usb_access.c  **** 
   8:usb_access.c  **** //! GPIO module instance.
   9:usb_access.c  **** #define GPIO  AVR32_GPIO
  10:usb_access.c  **** 
  11:usb_access.c  **** 
  12:usb_access.c  **** uint8_t test(void) {
  17              		.loc 1 12 0
  18              		# args = 0, frame = 20, pretend = 0
  19              		# frame_needed = 0, leaf_function = 1
  20              		# uses_anonymous_args = 0
  21 0000 EBCD0080 		stm	--sp, r7
  22              	.LCFI0:
  23 0004 205D     		sub     sp, 20
  24              	.LCFI1:
  25              		.loc 1 12 0
  26 0006 480B     		lda.w	r11, pep_fifo
  27 0008 1A99     		mov	r9, sp
  28 000a 7628     		ld.w	r8, r11[8]
  29 000c FAC7FFEC 		sub     r7, sp, -20
  30              	.L2:
  13:usb_access.c  ****     uint8_t a = 0;
  14:usb_access.c  **** 	uint8_t b[20];
  15:usb_access.c  **** 	
  16:usb_access.c  **** 	for (a = 0; a<20; a++) {
  17:usb_access.c  **** 		b[a] = Usb_read_endpoint_data(2, 8);
  31              		.loc 1 17 0
  32 0010 113A     		ld.ub	r10, r8++
  33 0012 12CA     		st.b	r9++, r10
  34 0014 9728     		st.w	r11[8], r8
  16:usb_access.c  **** 	for (a = 0; a<20; a++) {
  35              		.loc 1 16 0
  36 0016 0E39     		cp.w	r9, r7
  37 0018 C001     		brne .L2
  18:usb_access.c  **** 	}
  19:usb_access.c  **** 	
  20:usb_access.c  **** 	
  21:usb_access.c  **** 	return b[4];
  22:usb_access.c  **** }
  38              		.loc 1 22 0
  39 001a 1BCC     		ld.ub	r12, sp[4]
  40 001c 2FBD     		sub	sp, -20 # Reset Frame Pointer
  41 001e E3CD0080 		ldm	sp++, r7
  42 0022 5EFC     		retal	r12
GAS LISTING C:\cygwin64\tmp\ccS3PEOs.s 			page 2


  43 0024 00000000 		.cpool
  44              		.align	2
  45              	.L6:
  46              	.LFE11:
  83              	.Letext0:
GAS LISTING C:\cygwin64\tmp\ccS3PEOs.s 			page 3


DEFINED SYMBOLS
                            *ABS*:00000000 usb_access.c
C:\cygwin64\tmp\ccS3PEOs.s:14     .text.test:00000000 test

UNDEFINED SYMBOLS
pep_fifo
